// Jest Snapshot v1, https://goo.gl/fbAQLP

exports[`DropDownMenu Component renders 1`] = `
<DropDownMenu>
  <DropDownMenu__Wrapper
    role="menu"
  >
    <StyledComponent
      forwardedComponent={
        Object {
          "$$typeof": Symbol(react.forward_ref),
          "attrs": Array [],
          "componentStyle": ComponentStyle {
            "componentId": "DropDownMenu__Wrapper-sc-1pyz6ng-1",
            "isStatic": true,
            "lastClassName": "irgNyQ",
            "rules": Array [
              "width:100%;max-width:250px;position:relative;",
            ],
          },
          "displayName": "DropDownMenu__Wrapper",
          "foldedComponentIds": Array [],
          "render": [Function],
          "styledComponentId": "DropDownMenu__Wrapper-sc-1pyz6ng-1",
          "target": "div",
          "toString": [Function],
          "warnTooManyClasses": [Function],
          "withComponent": [Function],
        }
      }
      forwardedRef={null}
      role="menu"
    >
      <div
        className="DropDownMenu__Wrapper-sc-1pyz6ng-1 irgNyQ"
        role="menu"
      >
        <DropDownMenu__Toggle
          onClick={[Function]}
        >
          <StyledComponent
            forwardedComponent={
              Object {
                "$$typeof": Symbol(react.forward_ref),
                "attrs": Array [],
                "componentStyle": ComponentStyle {
                  "componentId": "DropDownMenu__Toggle-sc-1pyz6ng-3",
                  "isStatic": true,
                  "lastClassName": "dUSfAA",
                  "rules": Array [
                    "border:0;border-radius:3px;color:",
                    "#222222",
                    ";padding:10px 20px;margin-bottom:1rem;font-size:0.8em;font-weight:600;font-family:",
                    "-apple-system, BlinkMacSystemFont, \\"Segoe UI\\", Roboto, Helvetica, Arial, sans-serif, \\"Apple Color Emoji\\", \\"Segoe UI Emoji\\", \\"Segoe UI Symbol\\"",
                    ";text-align:left;z-index:100;&:hover{cursor:pointer;}",
                  ],
                },
                "displayName": "DropDownMenu__Toggle",
                "foldedComponentIds": Array [],
                "render": [Function],
                "styledComponentId": "DropDownMenu__Toggle-sc-1pyz6ng-3",
                "target": "button",
                "toString": [Function],
                "warnTooManyClasses": [Function],
                "withComponent": [Function],
              }
            }
            forwardedRef={null}
            onClick={[Function]}
          >
            <button
              className="DropDownMenu__Toggle-sc-1pyz6ng-3 dUSfAA"
              onClick={[Function]}
            >
              Choose â–¼
            </button>
          </StyledComponent>
        </DropDownMenu__Toggle>
        <DropDownMenu__MenuWrapper
          expanded={false}
        >
          <StyledComponent
            expanded={false}
            forwardedComponent={
              Object {
                "$$typeof": Symbol(react.forward_ref),
                "attrs": Array [],
                "componentStyle": ComponentStyle {
                  "componentId": "DropDownMenu__MenuWrapper-sc-1pyz6ng-2",
                  "isStatic": false,
                  "lastClassName": "jaOGXc",
                  "rules": Array [
                    "border-bottom-left-radius:4px;border-bottom-right-radius:4px;background-color:#fff;box-shadow:0px 0px 20px rgba(0,0,0,0.15);display:flex;flex-direction:column;padding:",
                    [Function],
                    ";position:absolute;top:40px;width:100%;z-index:100;transition:transform 300ms ease;transform-origin:top left;transform:",
                    [Function],
                    ";input{border:none;border-radius:3px;background-color:#eee;font-size:",
                    "0.8em",
                    ";padding:10px;margin:10px 0;}",
                  ],
                },
                "displayName": "DropDownMenu__MenuWrapper",
                "foldedComponentIds": Array [],
                "render": [Function],
                "styledComponentId": "DropDownMenu__MenuWrapper-sc-1pyz6ng-2",
                "target": "ul",
                "toString": [Function],
                "warnTooManyClasses": [Function],
                "withComponent": [Function],
              }
            }
            forwardedRef={null}
          >
            <ul
              className="DropDownMenu__MenuWrapper-sc-1pyz6ng-2 jaOGXc"
            />
          </StyledComponent>
        </DropDownMenu__MenuWrapper>
      </div>
    </StyledComponent>
  </DropDownMenu__Wrapper>
</DropDownMenu>
`;
